make -C ../src clean
make[1]: Entering directory '/mnt/d/Tema3_SO/assignment-parallel-firewall/src'
rm -f ring_buffer.o producer.o consumer.o packet.o ../utils/log/log.o serial.o firewall.o
rm -f firewall serial
make[1]: Leaving directory '/mnt/d/Tema3_SO/assignment-parallel-firewall/src'
rm -f *~
rm -rf __pycache__
rm -rf out
make -i SRC_PATH=../src
make[1]: Entering directory '/mnt/d/Tema3_SO/assignment-parallel-firewall/tests'
make -C ../src UTILS_PATH=/mnt/d/Tema3_SO/assignment-parallel-firewall/utils
make[2]: Entering directory '/mnt/d/Tema3_SO/assignment-parallel-firewall/src'
cc -Wall -Wextra -ggdb -O0 -I/mnt/d/Tema3_SO/assignment-parallel-firewall/utils  -c -o ring_buffer.o ring_buffer.c
cc -Wall -Wextra -ggdb -O0 -I/mnt/d/Tema3_SO/assignment-parallel-firewall/utils  -c -o producer.o producer.c
cc -Wall -Wextra -ggdb -O0 -I/mnt/d/Tema3_SO/assignment-parallel-firewall/utils  -c -o consumer.o consumer.c
consumer.c: In function ‘consumer_thread’:
consumer.c:15:13: warning: unused variable ‘a’ [-Wunused-variable]
   15 |         int a;
      |             ^
cc -Wall -Wextra -ggdb -O0 -I/mnt/d/Tema3_SO/assignment-parallel-firewall/utils  -c -o packet.o packet.c
cc -I/mnt/d/Tema3_SO/assignment-parallel-firewall/utils -Wall -Wextra -ggdb -O0 -c -o /mnt/d/Tema3_SO/assignment-parallel-firewall/utils/log/log.o  /mnt/d/Tema3_SO/assignment-parallel-firewall/utils/log/log.c
cc -Wall -Wextra -ggdb -O0 -I/mnt/d/Tema3_SO/assignment-parallel-firewall/utils  -c -o firewall.o firewall.c
cc -I/mnt/d/Tema3_SO/assignment-parallel-firewall/utils -Wall -Wextra -ggdb -O0 -o firewall ring_buffer.o producer.o consumer.o packet.o /mnt/d/Tema3_SO/assignment-parallel-firewall/utils/log/log.o firewall.o -lpthread
cc -Wall -Wextra -ggdb -O0 -I/mnt/d/Tema3_SO/assignment-parallel-firewall/utils  -c -o serial.o serial.c
cc -I/mnt/d/Tema3_SO/assignment-parallel-firewall/utils -Wall -Wextra -ggdb -O0 -o serial ring_buffer.o producer.o consumer.o packet.o /mnt/d/Tema3_SO/assignment-parallel-firewall/utils/log/log.o serial.o -lpthread
make[2]: Leaving directory '/mnt/d/Tema3_SO/assignment-parallel-firewall/src'
make[1]: Leaving directory '/mnt/d/Tema3_SO/assignment-parallel-firewall/tests'
SRC_PATH=../src python3 checker.py
sort: cannot read: out/test_10.out: No such file or directory
sort: cannot read: out/test_1_000.out: No such file or directory
sort: cannot read: out/test_10.out: No such file or directory
sort: cannot read: out/test_10.out: No such file or directory
sort: cannot read: out/test_100.out: No such file or directory
sort: cannot read: out/test_100.out: No such file or directory
sort: cannot read: out/test_1_000.out: No such file or directory
sort: cannot read: out/test_1_000.out: No such file or directory
sort: cannot read: out/test_1_000.out: No such file or directory
sort: cannot read: out/test_1_000.out: No such file or directory

~~~~~~~~~~~~~~~~~~~~~~~~~~~~~~ Skipping test generation ~~~~~~~~~~~~~~~~~~~~~~~~

~~~~~~~~~~~~~~~~~~~~~~~~~~~~~~ Running tests ... ~~~~~~~~~~~~~~~~~~~~~~~~~~~~~~~
Test [    10 packets, sort False, 1 thread ] ...................... failed ... 0
Test [ 1,000 packets, sort False, 1 thread ] ...................... failed ... 0
Time expired for process!! Killing ...
Test [20,000 packets, sort False, 1 thread ] ...................... failed ... 0
Test [    10 packets, sort True , 2 threads] ...................... failed ... 0
Test [    10 packets, sort True , 4 threads] ...................... failed ... 0
Test [   100 packets, sort True , 2 threads] ...................... failed ... 0
Test [   100 packets, sort True , 4 threads] ...................... failed ... 0
Test [ 1,000 packets, sort True , 2 threads] ...................... failed ... 0
Test [ 1,000 packets, sort True , 4 threads] ...................... failed ... 0
Time expired for process!! Killing ...
Test [10,000 packets, sort True , 2 threads] ...................... failed ... 0
Time expired for process!! Killing ...
Test [10,000 packets, sort True , 4 threads] ...................... failed ... 0
Time expired for process!! Killing ...
Test [20,000 packets, sort True , 2 threads] ...................... failed ... 0
Time expired for process!! Killing ...
Test [20,000 packets, sort True , 4 threads] ...................... failed ... 0
Test [ 1,000 packets, sort False, 4 threads] ...................... failed ... 0
Test [ 1,000 packets, sort False, 8 threads] ...................... failed ... 0
Time expired for process!! Killing ...
Test [10,000 packets, sort False, 4 threads] ...................... failed ... 0
Time expired for process!! Killing ...
Test [10,000 packets, sort False, 8 threads] ...................... failed ... 0
Time expired for process!! Killing ...
Test [20,000 packets, sort False, 4 threads] ...................... failed ... 0
Time expired for process!! Killing ...
Test [20,000 packets, sort False, 8 threads] ...................... failed ... 0

Checker:                                                                    0/100
